2025-12-21 15:22:56,200 - INFO - 共找到 29 个请求
2025-12-21 15:22:56,201 - INFO - 正在下载: https://t00y.com/file.html -> /Users/shawnxiang/Ethan/Codes/Personal/raw-assets/scripts/t00y_source/file.html
2025-12-21 15:22:56,474 - INFO - 正在下载: https://webstatic.ctfile.com/assets/lib/datatables-bs4/dataTables.bootstrap4.min.css?v=20251215 -> /Users/shawnxiang/Ethan/Codes/Personal/raw-assets/scripts/t00y_source/assets/lib/datatables-bs4/dataTables.bootstrap4.min.css
2025-12-21 15:22:56,613 - INFO - 正在下载: https://webstatic.ctfile.com/assets/lib/datatables.net-responsive-bs4/responsive.bootstrap4.css?v=20251215 -> /Users/shawnxiang/Ethan/Codes/Personal/raw-assets/scripts/t00y_source/assets/lib/datatables.net-responsive-bs4/responsive.bootstrap4.css
2025-12-21 15:22:56,783 - INFO - 正在下载: https://webstatic.ctfile.com/assets/css/jqueryFileTree.css?v=20251215 -> /Users/shawnxiang/Ethan/Codes/Personal/raw-assets/scripts/t00y_source/assets/css/jqueryFileTree.css
2025-12-21 15:22:56,926 - INFO - 正在下载: https://webstatic.ctfile.com/assets/css/theme.css?v=20251215 -> /Users/shawnxiang/Ethan/Codes/Personal/raw-assets/scripts/t00y_source/assets/css/theme.css
2025-12-21 15:22:57,072 - INFO - 正在下载: https://webstatic.ctfile.com/assets/css/other.css?v=20251215 -> /Users/shawnxiang/Ethan/Codes/Personal/raw-assets/scripts/t00y_source/assets/css/other.css
2025-12-21 15:22:57,211 - INFO - 正在下载: https://webstatic.ctfile.com/assets/js/jquery.min.js?v=20251215 -> /Users/shawnxiang/Ethan/Codes/Personal/raw-assets/scripts/t00y_source/assets/js/jquery.min.js
2025-12-21 15:22:57,404 - INFO - 正在下载: https://webstatic.ctfile.com/assets/js/popper.min.js?v=20251215 -> /Users/shawnxiang/Ethan/Codes/Personal/raw-assets/scripts/t00y_source/assets/js/popper.min.js
2025-12-21 15:22:57,548 - INFO - 正在下载: https://webstatic.ctfile.com/assets/js/bootstrap.js?v=20251215 -> /Users/shawnxiang/Ethan/Codes/Personal/raw-assets/scripts/t00y_source/assets/js/bootstrap.js
2025-12-21 15:22:57,732 - INFO - 正在下载: https://webstatic.ctfile.com/assets/lib/@fortawesome/other.js?v=20251215 -> /Users/shawnxiang/Ethan/Codes/Personal/raw-assets/scripts/t00y_source/assets/lib/@fortawesome/other.js
2025-12-21 15:22:57,941 - INFO - 正在下载: https://webstatic.ctfile.com/assets/lib/datatables/js/jquery.dataTables.min.js?v=20251215 -> /Users/shawnxiang/Ethan/Codes/Personal/raw-assets/scripts/t00y_source/assets/lib/datatables/js/jquery.dataTables.min.js
2025-12-21 15:22:58,167 - INFO - 正在下载: https://webstatic.ctfile.com/assets/lib/datatables-bs4/dataTables.bootstrap4.min.js?v=20251215 -> /Users/shawnxiang/Ethan/Codes/Personal/raw-assets/scripts/t00y_source/assets/lib/datatables-bs4/dataTables.bootstrap4.min.js
2025-12-21 15:22:58,309 - INFO - 正在下载: https://webstatic.ctfile.com/assets/lib/datatables.net-responsive/dataTables.responsive.js?v=20251215 -> /Users/shawnxiang/Ethan/Codes/Personal/raw-assets/scripts/t00y_source/assets/lib/datatables.net-responsive/dataTables.responsive.js
2025-12-21 15:22:58,450 - INFO - 正在下载: https://webstatic.ctfile.com/assets/lib/datatables.net-responsive-bs4/responsive.bootstrap4.js?v=20251215 -> /Users/shawnxiang/Ethan/Codes/Personal/raw-assets/scripts/t00y_source/assets/lib/datatables.net-responsive-bs4/responsive.bootstrap4.js
2025-12-21 15:22:58,593 - INFO - 正在下载: https://webstatic.ctfile.com/assets/js/rivets.bundled.min.js?v=20251215 -> /Users/shawnxiang/Ethan/Codes/Personal/raw-assets/scripts/t00y_source/assets/js/rivets.bundled.min.js
2025-12-21 15:22:58,733 - INFO - 正在下载: https://webstatic.ctfile.com/assets/js/jquery.form.min.js?v=20251215 -> /Users/shawnxiang/Ethan/Codes/Personal/raw-assets/scripts/t00y_source/assets/js/jquery.form.min.js
2025-12-21 15:22:58,878 - INFO - 正在下载: https://webstatic.ctfile.com/assets/js/jquery.filetree.js?v=20251215 -> /Users/shawnxiang/Ethan/Codes/Personal/raw-assets/scripts/t00y_source/assets/js/jquery.filetree.js
2025-12-21 15:22:59,022 - INFO - 正在下载: https://webstatic.ctfile.com/assets/js/jquery.slimscroll.js?v=20251215 -> /Users/shawnxiang/Ethan/Codes/Personal/raw-assets/scripts/t00y_source/assets/js/jquery.slimscroll.js
2025-12-21 15:22:59,162 - INFO - 正在下载: https://webstatic.ctfile.com/assets/js/clipboard.min.js?v=20251215 -> /Users/shawnxiang/Ethan/Codes/Personal/raw-assets/scripts/t00y_source/assets/js/clipboard.min.js
2025-12-21 15:22:59,300 - INFO - 正在下载: https://webstatic.ctfile.com/assets/js/other.js?v=20251215 -> /Users/shawnxiang/Ethan/Codes/Personal/raw-assets/scripts/t00y_source/assets/js/other.js
2025-12-21 15:22:59,445 - INFO - 正在下载: https://webstatic.ctfile.com/assets/js/otherdownload.js?v=20251215 -> /Users/shawnxiang/Ethan/Codes/Personal/raw-assets/scripts/t00y_source/assets/js/otherdownload.js
2025-12-21 15:22:59,584 - INFO - 正在下载: https://webstatic.ctfile.com/assets/css/bootstrap.min.css -> /Users/shawnxiang/Ethan/Codes/Personal/raw-assets/scripts/t00y_source/assets/css/bootstrap.min.css
2025-12-21 15:22:59,753 - INFO - 正在下载: https://webstatic.ctfile.com/assets/css/modern-override.css -> /Users/shawnxiang/Ethan/Codes/Personal/raw-assets/scripts/t00y_source/assets/css/modern-override.css
2025-12-21 15:22:59,898 - INFO - 正在下载: https://webstatic.ctfile.com/assets/css/mobile.css -> /Users/shawnxiang/Ethan/Codes/Personal/raw-assets/scripts/t00y_source/assets/css/mobile.css
2025-12-21 15:23:00,040 - INFO - 正在下载: https://webstatic.ctfile.com/assets/img/spinner.gif -> /Users/shawnxiang/Ethan/Codes/Personal/raw-assets/scripts/t00y_source/assets/img/spinner.gif
2025-12-21 15:23:00,223 - INFO - 正在下载: https://webapi.ctfile.com/template/file-notfound.php -> /Users/shawnxiang/Ethan/Codes/Personal/raw-assets/scripts/t00y_source/template/file-notfound.php
2025-12-21 15:23:00,368 - INFO - 正在下载: https://webstatic.ctfile.com/assets/img/favicons/favicon.ico -> /Users/shawnxiang/Ethan/Codes/Personal/raw-assets/scripts/t00y_source/assets/img/favicons/favicon.ico
2025-12-21 15:23:00,503 - INFO - 正在下载: https://webstatic.ctfile.com/assets/img/favicons/favicon-32x32.png -> /Users/shawnxiang/Ethan/Codes/Personal/raw-assets/scripts/t00y_source/assets/img/favicons/favicon-32x32.png
2025-12-21 15:23:00,641 - INFO - 正在下载: https://webstatic.ctfile.com/assets/img/illustrations/gifts.jpg -> /Users/shawnxiang/Ethan/Codes/Personal/raw-assets/scripts/t00y_source/assets/img/illustrations/gifts.jpg
2025-12-21 15:23:00,833 - INFO - 下载完成！成功: 29, 跳过: 0, 错误: 0
